Microchip MPLAB XC8 Compiler V1.40 ()

Linker command line:

--edf=C:\Program Files (x86)\Microchip\xc8\v1.40\dat\en_msgs.txt -cs \
  -h+dist/LPCUSBDK_16F1459/production\low_pin_count_usb_development_kit_pic16f1459.x.production.sym \
  --cmf=dist/LPCUSBDK_16F1459/production\low_pin_count_usb_development_kit_pic16f1459.x.production.cmf \
  -z -Q16F1459 -oC:\Users\Ville\AppData\Local\Temp\sglg.2 \
  -Mdist/LPCUSBDK_16F1459/production/low_pin_count_usb_development_kit_pic16f1459.x.production.map \
  -E1 -ver=XC8 -ASTACK=0210Dh-023efh -pstack=STACK -ACODE=00h-07FFhx4 \
  -ASTRCODE=00h-01FFFh -ASTRING=00h-0FFhx32 -ACONST=00h-0FFhx32 \
  -AENTRY=00h-0FFhx32 -ACOMMON=070h-07Fh -ABANK0=020h-06Fh \
  -ABANK1=0A0h-0EFh -ABANK2=0120h-016Fh -ABANK3=01A0h-01EFh \
  -ABANK4=0220h-026Fh -ABANK5=02A0h-02EFh -ABANK6=0320h-036Fh \
  -ABANK7=03A0h-03EFh -ABANK8=0420h-046Fh -ABANK9=04A0h-04EFh \
  -ABANK10=0520h-056Fh -ABANK11=05A0h-05EFh -ABANK12=0620h-064Fh \
  -ABIGRAM=02000h-023EFh \
  -ARAM=020h-06Fh,0A0h-0EFh,0120h-016Fh,01A0h-01EFh,0220h-026Fh,02A0h-02EFh,0320h-036Fh,03A0h-03EFh,0420h-046Fh,04A0h-04EFh,0520h-056Fh,05A0h-05EFh,0620h-064Fh \
  -AABS1=020h-07Fh,0A0h-0EFh,0120h-016Fh,01A0h-01EFh,0220h-026Fh,02A0h-02EFh,0320h-036Fh,03A0h-03EFh,0420h-046Fh,04A0h-04EFh,0520h-056Fh,05A0h-05EFh,0620h-064Fh \
  -ASFR0=00h-01Fh -ASFR1=080h-09Fh -ASFR2=0100h-011Fh -ASFR3=0180h-019Fh \
  -ASFR4=0200h-021Fh -ASFR5=0280h-029Fh -ASFR6=0300h-031Fh \
  -ASFR7=0380h-039Fh -ASFR8=0400h-041Fh -ASFR9=0480h-049Fh \
  -ASFR10=0500h-051Fh -ASFR11=0580h-059Fh -ASFR12=0600h-061Fh \
  -ASFR13=0680h-06EFh -ASFR14=0700h-076Fh -ASFR15=0780h-07EFh \
  -ASFR16=0800h-086Fh -ASFR17=0880h-08EFh -ASFR18=0900h-096Fh \
  -ASFR19=0980h-09EFh -ASFR20=0A00h-0A6Fh -ASFR21=0A80h-0AEFh \
  -ASFR22=0B00h-0B6Fh -ASFR23=0B80h-0BEFh -ASFR24=0C00h-0C6Fh \
  -ASFR25=0C80h-0CEFh -ASFR26=0D00h-0D6Fh -ASFR27=0D80h-0DEFh \
  -ASFR28=0E00h-0E6Fh -ASFR29=0E80h-0EEFh -ASFR30=0F00h-0F6Fh \
  -ASFR31=0F80h-0FEFh -preset_vec=00h,intentry=04h,init,end_init \
  -ppowerup=CODE -pcinit=CODE -pfunctab=CODE -ACONFIG=08007h-08008h \
  -pconfig=CONFIG -DCONFIG=2 -AIDLOC=08000h-08003h -pidloc=IDLOC -DIDLOC=2 \
  -DCODE=2 -DSTRCODE=2 -DSTRING=2 -DCONST=2 -DENTRY=2 -k \
  C:\Users\Ville\AppData\Local\Temp\sglg.obj \
  dist/LPCUSBDK_16F1459/production\low_pin_count_usb_development_kit_pic16f1459.x.production.obj 

Object code version is 3.11

Machine type is 16F1459



                Name                               Link     Load   Length Selector   Space Scale
C:\Users\Ville\AppData\Local\Temp\sglg.obj
                end_init                             10       10        2        8       0
                reset_vec                             0        0        2        0       0
                config                             8007     8007        2    1000E       0
dist/LPCUSBDK_16F1459/production\low_pin_count_usb_development_kit_pic16f1459.x.production.obj
                cinit                                12       12       1E        8       0
                intentry                              4        4        C        8       0
                text48                              E8E      E8E       73     1D1C       0
                text47                              DB2      DB2       6C     1B64       0
                text46                              E1E      E1E       70     1C3C       0
                text45                              45F      45F       A0      5FE       0
                text44                              B06      B06       37     160C       0
                text43                              B3D      B3D       41     167A       0
                text42                              A2A      A2A       20     1454       0
                text41                              F80      F80       80     1F00       0
                text40                              9D1      9D1       1D     13A2       0
                swtext6                             842      842        A     1000       0
                text39                              96C      96C       19     12D8       0
                swtext5                             838      838        A     1000       0
                text38                              985      985       19     130A       0
                text37                              7B1      7B1       4D      5FE       0
                text36                              628      628       87      5FE       0
                text35                              8FE      8FE        D     11FC       0
                text34                              8DD      8DD        B     11BA       0
                text33                              8D3      8D3        A     11A6       0
                swtext4                             82E      82E        A     1000       0
                text32                              99E      99E       19     133C       0
                text31                              A6A      A6A       22     14D4       0
                text30                              B7E      B7E       41     16FC       0
                text29                               30       30      126        8       0
                text28                              F01      F01       7F     1E02       0
                text27                              C4E      C4E       54     189C       0
                text26                              9B7      9B7       1A     136E       0
                text25                              730      730       81      5FE       0
                swtext3                             800      800       1A     1000       0
                text24                              D52      D52       60     1AA4       0
                text23                              CF6      CF6       5C     19EC       0
                text22                              596      596       92      5FE       0
                text21                              C05      C05       49     180A       0
                text20                              CA2      CA2       54     1944       0
                text19                              954      954       18     12A8       0
                text18                              AB0      AB0       25     1560       0
                text17                              A0B      A0B       1F     1416       0
                text16                              A4A      A4A       20     1494       0
                text15                              3B4      3B4       AB      5FE       0
                text14                              156      156       E3        8       0
                text12                              AD5      AD5       31     15AA       0
                text11                              93D      93D       17     127A       0
                swtext2                             824      824        A     1000       0
                text10                              BBF      BBF       46     177E       0
                text9                               6AF      6AF       81      5FE       0
                text8                               4FF      4FF       97      5FE       0
                text7                               90B      90B        E     1216       0
                text6                               8E8      8E8        B     11D0       0
                text5                               8F3      8F3        B     11E6       0
                swtext1                             81A      81A        A     1000       0
                text4                               927      927       16     124E       0
                text3                               A8C      A8C       24     1518       0
                text2                               9EE      9EE       1D     13DC       0
                text1                               2FF      2FF       B5      5FE       0
                maintext                            919      919        E     1232       0
                cstackBANK0                          50       50       16       50       1
                cstackCOMMON                         70       70        E       70       1
                cstackBANK1                          E0       E0        E       E0       1
                clrtext                             8CD      8CD        6     119A       0
                bssBANK3                            1A0      1A0       1D      1A0       1
                bssBANK2                            160      160       10      160       1
                bssBANK1                             EE       EE        2       E0       1
                bssBANK0                             66       66        A       50       1
                stringtext                          239      239       C6      472       0

TOTAL           Name                               Link     Load   Length     Space
        CLASS   STACK          

        CLASS   CODE           
                end_init                             10       10        2         0
                cinit                                12       12       1E         0
                intentry                              4        4        C         0
                reset_vec                             0        0        2         0
                text48                              E8E      E8E       73         0
                text47                              DB2      DB2       6C         0
                text46                              E1E      E1E       70         0
                text45                              45F      45F       A0         0
                text44                              B06      B06       37         0
                text43                              B3D      B3D       41         0
                text42                              A2A      A2A       20         0
                text41                              F80      F80       80         0
                text40                              9D1      9D1       1D         0
                text39                              96C      96C       19         0
                text38                              985      985       19         0
                text37                              7B1      7B1       4D         0
                text36                              628      628       87         0
                text35                              8FE      8FE        D         0
                text34                              8DD      8DD        B         0
                text33                              8D3      8D3        A         0
                text32                              99E      99E       19         0
                text31                              A6A      A6A       22         0
                text30                              B7E      B7E       41         0
                text29                               30       30      126         0
                text28                              F01      F01       7F         0
                text27                              C4E      C4E       54         0
                text26                              9B7      9B7       1A         0
                text25                              730      730       81         0
                text24                              D52      D52       60         0
                text23                              CF6      CF6       5C         0
                text22                              596      596       92         0
                text21                              C05      C05       49         0
                text20                              CA2      CA2       54         0
                text19                              954      954       18         0
                text18                              AB0      AB0       25         0
                text17                              A0B      A0B       1F         0
                text16                              A4A      A4A       20         0
                text15                              3B4      3B4       AB         0
                text14                              156      156       E3         0
                text12                              AD5      AD5       31         0
                text11                              93D      93D       17         0
                text10                              BBF      BBF       46         0
                text9                               6AF      6AF       81         0
                text8                               4FF      4FF       97         0
                text7                               90B      90B        E         0
                text6                               8E8      8E8        B         0
                text5                               8F3      8F3        B         0
                text4                               927      927       16         0
                text3                               A8C      A8C       24         0
                text2                               9EE      9EE       1D         0
                text1                               2FF      2FF       B5         0
                maintext                            919      919        E         0
                clrtext                             8CD      8CD        6         0

        CLASS   STRCODE        
                stringtext                          239      239       C6         0

        CLASS   STRING         

        CLASS   CONST          
                swtext6                             842      842        A         0
                swtext5                             838      838        A         0
                swtext4                             82E      82E        A         0
                swtext3                             800      800       1A         0
                swtext2                             824      824        A         0
                swtext1                             81A      81A        A         0

        CLASS   ENTRY          

        CLASS   COMMON         
                cstackCOMMON                         70       70        E         1

        CLASS   BANK0          
                cstackBANK0                          50       50       16         1
                bssBANK0                             66       66        A         1

        CLASS   BANK1          
                cstackBANK1                          E0       E0        E         1
                bssBANK1                             EE       EE        2         1

        CLASS   BANK2          
                bssBANK2                            160      160       10         1

        CLASS   BANK3          
                bssBANK3                            1A0      1A0       1D         1

        CLASS   BANK4          

        CLASS   BANK5          

        CLASS   BANK6          

        CLASS   BANK7          

        CLASS   BANK8          

        CLASS   BANK9          

        CLASS   BANK10         

        CLASS   BANK11         

        CLASS   BANK12         

        CLASS   BIGRAM         

        CLASS   RAM            

        CLASS   ABS1           
                abs_s1                               20       20       30         1
                abs_s1                               7E       7E        2         1
                abs_s1                               A0       A0       40         1
                abs_s1                              120      120       40         1

        CLASS   SFR0           

        CLASS   SFR1           

        CLASS   SFR2           

        CLASS   SFR3           

        CLASS   SFR4           

        CLASS   SFR5           

        CLASS   SFR6           

        CLASS   SFR7           

        CLASS   SFR8           

        CLASS   SFR9           

        CLASS   SFR10          

        CLASS   SFR11          

        CLASS   SFR12          

        CLASS   SFR13          

        CLASS   SFR14          

        CLASS   SFR15          

        CLASS   SFR16          

        CLASS   SFR17          

        CLASS   SFR18          

        CLASS   SFR19          

        CLASS   SFR20          

        CLASS   SFR21          

        CLASS   SFR22          

        CLASS   SFR23          

        CLASS   SFR24          

        CLASS   SFR25          

        CLASS   SFR26          

        CLASS   SFR27          

        CLASS   SFR28          

        CLASS   SFR29          

        CLASS   SFR30          

        CLASS   SFR31          

        CLASS   CONFIG         
                config                             8007     8007        2         0

        CLASS   IDLOC          

        CLASS   BANK31         

        CLASS   BANK30         

        CLASS   BANK29         

        CLASS   BANK28         

        CLASS   BANK27         

        CLASS   BANK26         

        CLASS   BANK25         

        CLASS   BANK24         

        CLASS   BANK23         

        CLASS   BANK22         

        CLASS   BANK21         

        CLASS   BANK20         

        CLASS   BANK19         

        CLASS   BANK18         

        CLASS   BANK17         

        CLASS   BANK16         

        CLASS   BANK15         

        CLASS   BANK14         

        CLASS   BANK13         

        CLASS   EEDATA         



SEGMENTS        Name                           Load    Length   Top    Selector   Space  Class     Delta

                reset_vec                      000000  000002  000002         0       0  CODE        2
                intentry                       000004  000235  000239         8       0  CODE        2
                cstackBANK0                    000050  000020  000070        50       1  BANK0       1
                cstackCOMMON                   000070  00000E  00007E        70       1  COMMON      1
                cstackBANK1                    0000E0  000010  0000F0        E0       1  BANK1       1
                bssBANK2                       000160  000010  000170       160       1  BANK2       1
                bssBANK3                       0001A0  00001D  0001BD       1A0       1  BANK3       1
                stringtext                     000239  0000C6  0002FF       472       0  STRCODE     2
                text1                          0002FF  0004FF  0007FE       5FE       0  CODE        2
                swtext3                        000800  00004C  00084C      1000       0  CONST       2
                clrtext                        0008CD  000006  0008D3      119A       0  CODE        2
                text33                         0008D3  00000A  0008DD      11A6       0  CODE        2
                text34                         0008DD  00000B  0008E8      11BA       0  CODE        2
                text6                          0008E8  00000B  0008F3      11D0       0  CODE        2
                text5                          0008F3  00000B  0008FE      11E6       0  CODE        2
                text35                         0008FE  00000D  00090B      11FC       0  CODE        2
                text7                          00090B  00000E  000919      1216       0  CODE        2
                maintext                       000919  00000E  000927      1232       0  CODE        2
                text4                          000927  000016  00093D      124E       0  CODE        2
                text11                         00093D  000017  000954      127A       0  CODE        2
                text19                         000954  000018  00096C      12A8       0  CODE        2
                text39                         00096C  000019  000985      12D8       0  CODE        2
                text38                         000985  000019  00099E      130A       0  CODE        2
                text32                         00099E  000019  0009B7      133C       0  CODE        2
                text26                         0009B7  00001A  0009D1      136E       0  CODE        2
                text40                         0009D1  00001D  0009EE      13A2       0  CODE        2
                text2                          0009EE  00001D  000A0B      13DC       0  CODE        2
                text17                         000A0B  00001F  000A2A      1416       0  CODE        2
                text42                         000A2A  000020  000A4A      1454       0  CODE        2
                text16                         000A4A  000020  000A6A      1494       0  CODE        2
                text31                         000A6A  000022  000A8C      14D4       0  CODE        2
                text3                          000A8C  000024  000AB0      1518       0  CODE        2
                text18                         000AB0  000025  000AD5      1560       0  CODE        2
                text12                         000AD5  000031  000B06      15AA       0  CODE        2
                text44                         000B06  000037  000B3D      160C       0  CODE        2
                text43                         000B3D  000041  000B7E      167A       0  CODE        2
                text30                         000B7E  000041  000BBF      16FC       0  CODE        2
                text10                         000BBF  000046  000C05      177E       0  CODE        2
                text21                         000C05  000049  000C4E      180A       0  CODE        2
                text27                         000C4E  000054  000CA2      189C       0  CODE        2
                text20                         000CA2  000054  000CF6      1944       0  CODE        2
                text23                         000CF6  00005C  000D52      19EC       0  CODE        2
                text24                         000D52  000060  000DB2      1AA4       0  CODE        2
                text47                         000DB2  00006C  000E1E      1B64       0  CODE        2
                text46                         000E1E  000070  000E8E      1C3C       0  CODE        2
                text48                         000E8E  000073  000F01      1D1C       0  CODE        2
                text28                         000F01  00007F  000F80      1E02       0  CODE        2
                text41                         000F80  000080  001000      1F00       0  CODE        2
                config                         008007  000002  008009     1000E       0  CONFIG      2


UNUSED ADDRESS RANGES

        Name                Unused          Largest block    Delta
        BANK10           00520-0056F              50           1
        BANK11           005A0-005EF              50           1
        BANK12           00620-0064F              30           1
        BANK3            001BD-001EF              33           1
        BANK4            00220-0026F              50           1
        BANK5            002A0-002EF              50           1
        BANK6            00320-0036F              50           1
        BANK7            003A0-003EF              50           1
        BANK8            00420-0046F              50           1
        BANK9            004A0-004EF              50           1
        BIGRAM           02000-023EF             3F0           1
        CODE             00002-00003               2           2
                         007FE-007FF               2
                         0084C-008CC              81
                         01000-01FFF             800
        CONST            00002-00003               2           2
                         007FE-007FF               2
                         0084C-008CC              81
                         01000-01FFF             100
        ENTRY            00002-00003               2           2
                         007FE-007FF               2
                         0084C-008CC              81
                         01000-01FFF             100
        IDLOC            08000-08003               4           2
        RAM              001BD-001EF              33           1
                         00220-0026F              50
                         002A0-002EF              50
                         00320-0036F              50
                         003A0-003EF              50
                         00420-0046F              50
                         004A0-004EF              50
                         00520-0056F              50
                         005A0-005EF              50
                         00620-0064F              30
        SFR0             00000-0001F              20           1
        SFR1             00080-0009F              20           1
        SFR10            00500-0051F              20           1
        SFR11            00580-0059F              20           1
        SFR12            00600-0061F              20           1
        SFR13            00680-006EF              70           1
        SFR14            00700-0076F              70           1
        SFR15            00780-007EF              70           1
        SFR16            00800-0086F              70           1
        SFR17            00880-008EF              70           1
        SFR18            00900-0096F              70           1
        SFR19            00980-009EF              70           1
        SFR2             00100-0011F              20           1
        SFR20            00A00-00A6F              70           1
        SFR21            00A80-00AEF              70           1
        SFR22            00B00-00B6F              70           1
        SFR23            00B80-00BEF              70           1
        SFR24            00C00-00C6F              70           1
        SFR25            00C80-00CEF              70           1
        SFR26            00D00-00D6F              70           1
        SFR27            00D80-00DEF              70           1
        SFR28            00E00-00E6F              70           1
        SFR29            00E80-00EEF              70           1
        SFR3             00180-0019F              20           1
        SFR30            00F00-00F6F              70           1
        SFR31            00F80-00FEF              70           1
        SFR4             00200-0021F              20           1
        SFR5             00280-0029F              20           1
        SFR6             00300-0031F              20           1
        SFR7             00380-0039F              20           1
        SFR8             00400-0041F              20           1
        SFR9             00480-0049F              20           1
        STACK            0210D-023EF             2E3           1
        STRCODE          00002-00003               2           2
                         007FE-007FF               2
                         0084C-008CC              81
                         01000-01FFF            1000
        STRING           00002-00003               2           2
                         007FE-007FF               2
                         0084C-008CC              81
                         01000-01FFF             100

                                  Symbol Table

?_ADC_Read10bit                           cstackBANK1  000E0
?_USBTransferOnePacket                    cstackBANK1  000E0
?i1_USBTransferOnePacket                  cstackCOMMON 00070
ADC_Enable@channel                        cstackBANK1  000E0
ADC_Read10bit@channel                     cstackBANK1  000E6
ADC_Read10bit@result                      cstackBANK1  000E4
ADC_SetConfiguration@configuration        cstackBANK1  000E0
APP_DeviceCustomHIDTasks@pot              cstackBANK1  000EC
APP_LEDUpdateUSBStatus@ledCount           bssBANK3     001A8
BUTTON_Enable@button                      cstackBANK1  000E0
BUTTON_IsPressed@button                   cstackBANK1  000E0
LED_Enable@led                            cstackBANK1  000E0
LED_Off@led                               cstackCOMMON 00070
LED_On@led                                cstackCOMMON 00070
LED_Toggle@led                            cstackBANK1  000E1
SYSTEM_Initialize@state                   cstackBANK1  000E1
USBConfigureEndpoint@EPNum                cstackCOMMON 00075
USBConfigureEndpoint@direction            cstackCOMMON 00070
USBConfigureEndpoint@handle               cstackCOMMON 00076
USBCtrlTrfInHandler@lastDTS               cstackCOMMON 00075
USBCtrlTrfRxService@byteToRead            cstackCOMMON 00075
USBCtrlTrfRxService@i                     cstackCOMMON 00074
USBCtrlTrfTxService@byteToSend            cstackCOMMON 00072
USBDeviceInit@i                           cstackBANK1  000E4
USBDeviceInit@i_901                       cstackBANK1  000E3
USBDeviceInit@p                           cstackBANK1  000E1
USBDeviceTasks@i                          cstackBANK0  00064
USBEnableEndpoint@ep                      cstackCOMMON 0007C
USBEnableEndpoint@options                 cstackCOMMON 00077
USBEnableEndpoint@p                       cstackCOMMON 0007A
USBStdFeatureReqHandler@current_ep_data   cstackBANK0  0005A
USBStdFeatureReqHandler@p                 cstackBANK0  0005B
USBStdFeatureReqHandler@pUEP              cstackBANK0  00058
USBStdGetStatusHandler@p                  cstackCOMMON 00071
USBStdSetCfgHandler@i                     cstackBANK0  0005A
USBStdSetCfgHandler@i_1253                cstackBANK0  00059
USBStdSetCfgHandler@p                     cstackBANK0  00057
USBTransferOnePacket@data                 cstackBANK1  000E1
USBTransferOnePacket@dir                  cstackBANK1  000E0
USBTransferOnePacket@ep                   cstackBANK1  000E8
USBTransferOnePacket@handle               cstackBANK1  000E9
USBTransferOnePacket@len                  cstackBANK1  000E3
USER_USB_CALLBACK_EVENT_HANDLER@event     cstackBANK0  00050
USER_USB_CALLBACK_EVENT_HANDLER@pdata     cstackBANK0  00052
USER_USB_CALLBACK_EVENT_HANDLER@size      cstackBANK0  00054
_ADCON0                                   (abs)        0009D
_ADCON0bits                               (abs)        0009D
_ADCON1                                   (abs)        0009E
_ADCON2                                   (abs)        0009F
_ADC_Enable                               text7        0090B
_ADC_Read10bit                            text12       00AD5
_ADC_SetConfiguration                     text6        008E8
_ADRESH                                   (abs)        0009C
_ADRESL                                   (abs)        0009B
_ANSELBbits                               (abs)        0018D
_APP_DeviceCustomHIDInitialize            text40       009D1
_APP_DeviceCustomHIDTasks                 text8        004FF
_APP_LEDUpdateUSBStatus                   text37       007B1
_BDT                                      (abs)        00020
_BUTTON_Enable                            text5        008F3
_BUTTON_IsPressed                         text11       0093D
_BothEP0OutUOWNsSet                       bssBANK3     001B2
_CtrlTrfData                              (abs)        00048
_INTCONbits                               (abs)        0000B
_LATCbits                                 (abs)        0010E
_LED_Enable                               text4        00927
_LED_Off                                  text39       0096C
_LED_On                                   text38       00985
_LED_Toggle                               text10       00BBF
_PIE2bits                                 (abs)        00092
_PIR2bits                                 (abs)        00012
_PORTAbits                                (abs)        0000C
_ReceivedDataBuffer                       (abs)        000A0
_RemoteWakeup                             bssBANK3     001B3
_SYSTEM_Initialize                        text3        00A8C
_SYS_InterruptHigh                        intentry     00004
_SetupPkt                                 (abs)        00040
_TRISBbits                                (abs)        0008D
_TRISCbits                                (abs)        0008E
_ToSendDataBuffer                         (abs)        00120
_UADDR                                    (abs)        00E96
_UCFG                                     (abs)        00E91
_UCON                                     (abs)        00E8E
_UCONbits                                 (abs)        00E8E
_UEIE                                     (abs)        00E97
_UEIR                                     (abs)        00E93
_UEP0                                     (abs)        00E98
_UEP0bits                                 (abs)        00E98
_UEP1                                     (abs)        00E99
_UIE                                      (abs)        00E92
_UIEbits                                  (abs)        00E92
_UIR                                      (abs)        00E90
_UIRbits                                  (abs)        00E90
_USB1msTickCount                          bssBANK3     001A0
_USBActiveConfiguration                   bssBANK1     000EE
_USBAlternateInterface                    bssBANK1     000EF
_USBBusIsSuspended                        bssBANK3     001B4
_USBCheckHIDRequest                       text36       00628
_USBCheckStdRequest                       text24       00D52
_USBConfigureEndpoint                     text43       00B3D
_USBCtrlEPAllowDataStage                  text23       00CF6
_USBCtrlEPAllowStatusStage                text46       00E1E
_USBCtrlEPService                         text20       00CA2
_USBCtrlEPServiceComplete                 text22       00596
_USBCtrlTrfInHandler                      text47       00DB2
_USBCtrlTrfOutHandler                     text44       00B06
_USBCtrlTrfRxService                      text45       0045F
_USBCtrlTrfSetupHandler                   text21       00C05
_USBCtrlTrfTxService                      text48       00E8E
_USBDeferINDataStagePackets               bssBANK3     001B5
_USBDeferOUTDataStagePackets              bssBANK3     001B6
_USBDeferStatusStagePacket                bssBANK2     0016C
_USBDeviceAttach                          text2        009EE
_USBDeviceInit                            text1        002FF
_USBDeviceState                           bssBANK0     0006C
_USBDeviceTasks                           text14       00156
_USBEnableEndpoint                        text42       00A2A
_USBInHandle                              bssBANK3     001AA
_USBIncrement1msInternalTimers            text19       00954
_USBOutHandle                             bssBANK3     001AC
_USBStallHandler                          text18       00AB0
_USBStatusStageEnabledFlag1               bssBANK3     001B7
_USBStatusStageEnabledFlag2               bssBANK3     001B8
_USBStatusStageTimeoutCounter             bssBANK2     0016D
_USBStdFeatureReqHandler                  text29       00030
_USBStdGetDscHandler                      text28       00F01
_USBStdGetStatusHandler                   text27       00C4E
_USBStdSetCfgHandler                      text25       00730
_USBSuspend                               text17       00A0B
_USBTicksSinceSuspendEnd                  bssBANK3     001B9
_USBTransferOnePacket                     text9        006AF
_USBWakeFromSuspend                       text16       00A4A
_USB_CD_Ptr                               stringtext   0023F
_USB_SD_Ptr                               stringtext   00239
_USER_USB_CALLBACK_EVENT_HANDLER          text30       00B7E
_USTAT                                    (abs)        00E8F
_USTATcopy                                bssBANK0     0006F
__CFG_BOREN$ON                            (abs)        00000
__CFG_BORV$LO                             (abs)        00000
__CFG_CLKOUTEN$OFF                        (abs)        00000
__CFG_CP$OFF                              (abs)        00000
__CFG_CPUDIV$NOCLKDIV                     (abs)        00000
__CFG_FCMEN$OFF                           (abs)        00000
__CFG_FOSC$HS                             (abs)        00000
__CFG_IESO$OFF                            (abs)        00000
__CFG_LPBOR$OFF                           (abs)        00000
__CFG_LVP$OFF                             (abs)        00000
__CFG_MCLRE$OFF                           (abs)        00000
__CFG_PLLEN$ENABLED                       (abs)        00000
__CFG_PLLMULT$4x                          (abs)        00000
__CFG_PWRTE$OFF                           (abs)        00000
__CFG_STVREN$ON                           (abs)        00000
__CFG_USBLSCLK$48MHz                      (abs)        00000
__CFG_WDTE$OFF                            (abs)        00000
__CFG_WRT$OFF                             (abs)        00000
__Habs1                                   abs1         00000
__Hbank0                                  bank0        00000
__Hbank1                                  bank1        00000
__Hbank10                                 bank10       00000
__Hbank11                                 bank11       00000
__Hbank12                                 bank12       00000
__Hbank13                                 bank13       00000
__Hbank14                                 bank14       00000
__Hbank15                                 bank15       00000
__Hbank16                                 bank16       00000
__Hbank17                                 bank17       00000
__Hbank18                                 bank18       00000
__Hbank19                                 bank19       00000
__Hbank2                                  bank2        00000
__Hbank20                                 bank20       00000
__Hbank21                                 bank21       00000
__Hbank22                                 bank22       00000
__Hbank23                                 bank23       00000
__Hbank24                                 bank24       00000
__Hbank25                                 bank25       00000
__Hbank26                                 bank26       00000
__Hbank27                                 bank27       00000
__Hbank28                                 bank28       00000
__Hbank29                                 bank29       00000
__Hbank3                                  bank3        00000
__Hbank30                                 bank30       00000
__Hbank31                                 bank31       00000
__Hbank4                                  bank4        00000
__Hbank5                                  bank5        00000
__Hbank6                                  bank6        00000
__Hbank7                                  bank7        00000
__Hbank8                                  bank8        00000
__Hbank9                                  bank9        00000
__Hbigram                                 bigram       00000
__HbssBANK0                               bssBANK0     00000
__HbssBANK1                               bssBANK1     00000
__HbssBANK2                               bssBANK2     00000
__HbssBANK3                               bssBANK3     00000
__Hcinit                                  cinit        00030
__Hclrtext                                clrtext      00000
__Hcode                                   code         00000
__Hcommon                                 common       00000
__Hconfig                                 config       08009
__HcstackBANK0                            cstackBANK0  00000
__HcstackBANK1                            cstackBANK1  00000
__HcstackCOMMON                           cstackCOMMON 00000
__Heeprom_data                            eeprom_data  00000
__Hend_init                               end_init     00012
__Hfunctab                                functab      00000
__Hidloc                                  idloc        00000
__Hinit                                   init         00010
__Hintentry                               intentry     00010
__Hmaintext                               maintext     00000
__Hpowerup                                powerup      00000
__Hram                                    ram          00000
__Hreset_vec                              reset_vec    00002
__Hsfr0                                   sfr0         00000
__Hsfr1                                   sfr1         00000
__Hsfr10                                  sfr10        00000
__Hsfr11                                  sfr11        00000
__Hsfr12                                  sfr12        00000
__Hsfr13                                  sfr13        00000
__Hsfr14                                  sfr14        00000
__Hsfr15                                  sfr15        00000
__Hsfr16                                  sfr16        00000
__Hsfr17                                  sfr17        00000
__Hsfr18                                  sfr18        00000
__Hsfr19                                  sfr19        00000
__Hsfr2                                   sfr2         00000
__Hsfr20                                  sfr20        00000
__Hsfr21                                  sfr21        00000
__Hsfr22                                  sfr22        00000
__Hsfr23                                  sfr23        00000
__Hsfr24                                  sfr24        00000
__Hsfr25                                  sfr25        00000
__Hsfr26                                  sfr26        00000
__Hsfr27                                  sfr27        00000
__Hsfr28                                  sfr28        00000
__Hsfr29                                  sfr29        00000
__Hsfr3                                   sfr3         00000
__Hsfr30                                  sfr30        00000
__Hsfr31                                  sfr31        00000
__Hsfr4                                   sfr4         00000
__Hsfr5                                   sfr5         00000
__Hsfr6                                   sfr6         00000
__Hsfr7                                   sfr7         00000
__Hsfr8                                   sfr8         00000
__Hsfr9                                   sfr9         00000
__Hspace_0                                (abs)        08009
__Hspace_1                                (abs)        001BD
__Hspace_2                                (abs)        00000
__Hspace_3                                (abs)        00000
__Hstack                                  stack        00000
__Hstrings                                strings      00000
__Hstringtext                             stringtext   00000
__Htext                                   text         00000
__Labs1                                   abs1         00000
__Lbank0                                  bank0        00000
__Lbank1                                  bank1        00000
__Lbank10                                 bank10       00000
__Lbank11                                 bank11       00000
__Lbank12                                 bank12       00000
__Lbank13                                 bank13       00000
__Lbank14                                 bank14       00000
__Lbank15                                 bank15       00000
__Lbank16                                 bank16       00000
__Lbank17                                 bank17       00000
__Lbank18                                 bank18       00000
__Lbank19                                 bank19       00000
__Lbank2                                  bank2        00000
__Lbank20                                 bank20       00000
__Lbank21                                 bank21       00000
__Lbank22                                 bank22       00000
__Lbank23                                 bank23       00000
__Lbank24                                 bank24       00000
__Lbank25                                 bank25       00000
__Lbank26                                 bank26       00000
__Lbank27                                 bank27       00000
__Lbank28                                 bank28       00000
__Lbank29                                 bank29       00000
__Lbank3                                  bank3        00000
__Lbank30                                 bank30       00000
__Lbank31                                 bank31       00000
__Lbank4                                  bank4        00000
__Lbank5                                  bank5        00000
__Lbank6                                  bank6        00000
__Lbank7                                  bank7        00000
__Lbank8                                  bank8        00000
__Lbank9                                  bank9        00000
__Lbigram                                 bigram       00000
__LbssBANK0                               bssBANK0     00000
__LbssBANK1                               bssBANK1     00000
__LbssBANK2                               bssBANK2     00000
__LbssBANK3                               bssBANK3     00000
__Lcinit                                  cinit        00012
__Lclrtext                                clrtext      00000
__Lcode                                   code         00000
__Lcommon                                 common       00000
__Lconfig                                 config       08007
__LcstackBANK0                            cstackBANK0  00000
__LcstackBANK1                            cstackBANK1  00000
__LcstackCOMMON                           cstackCOMMON 00000
__Leeprom_data                            eeprom_data  00000
__Lend_init                               end_init     00010
__Lfunctab                                functab      00000
__Lidloc                                  idloc        00000
__Linit                                   init         00010
__Lintentry                               intentry     00004
__Lmaintext                               maintext     00000
__Lpowerup                                powerup      00000
__Lram                                    ram          00000
__Lreset_vec                              reset_vec    00000
__Lsfr0                                   sfr0         00000
__Lsfr1                                   sfr1         00000
__Lsfr10                                  sfr10        00000
__Lsfr11                                  sfr11        00000
__Lsfr12                                  sfr12        00000
__Lsfr13                                  sfr13        00000
__Lsfr14                                  sfr14        00000
__Lsfr15                                  sfr15        00000
__Lsfr16                                  sfr16        00000
__Lsfr17                                  sfr17        00000
__Lsfr18                                  sfr18        00000
__Lsfr19                                  sfr19        00000
__Lsfr2                                   sfr2         00000
__Lsfr20                                  sfr20        00000
__Lsfr21                                  sfr21        00000
__Lsfr22                                  sfr22        00000
__Lsfr23                                  sfr23        00000
__Lsfr24                                  sfr24        00000
__Lsfr25                                  sfr25        00000
__Lsfr26                                  sfr26        00000
__Lsfr27                                  sfr27        00000
__Lsfr28                                  sfr28        00000
__Lsfr29                                  sfr29        00000
__Lsfr3                                   sfr3         00000
__Lsfr30                                  sfr30        00000
__Lsfr31                                  sfr31        00000
__Lsfr4                                   sfr4         00000
__Lsfr5                                   sfr5         00000
__Lsfr6                                   sfr6         00000
__Lsfr7                                   sfr7         00000
__Lsfr8                                   sfr8         00000
__Lsfr9                                   sfr9         00000
__Lspace_0                                (abs)        00000
__Lspace_1                                (abs)        00000
__Lspace_2                                (abs)        00000
__Lspace_3                                (abs)        00000
__Lstack                                  stack        00000
__Lstrings                                strings      00000
__Lstringtext                             stringtext   00000
__Ltext                                   text         00000
__S0                                      (abs)        08009
__S1                                      (abs)        001BD
__S2                                      (abs)        00000
___int_sp                                 stack        00000
___latbits                                (abs)        00002
___sp                                     stack        00000
__end_of_ADC_Enable                       text7        00919
__end_of_ADC_Read10bit                    text12       00B06
__end_of_ADC_SetConfiguration             text6        008F3
__end_of_APP_DeviceCustomHIDInitialize    text40       009EE
__end_of_APP_DeviceCustomHIDTasks         text8        00596
__end_of_APP_LEDUpdateUSBStatus           text37       007FE
__end_of_BUTTON_Enable                    text5        008FE
__end_of_BUTTON_IsPressed                 text11       00954
__end_of_LED_Enable                       text4        0093D
__end_of_LED_Off                          text39       00985
__end_of_LED_On                           text38       0099E
__end_of_LED_Toggle                       text10       00C05
__end_of_SYSTEM_Initialize                text3        00AB0
__end_of_SYS_InterruptHigh                intentry     00010
__end_of_USBCheckHIDRequest               text36       006AF
__end_of_USBCheckStdRequest               text24       00DB2
__end_of_USBConfigureEndpoint             text43       00B7E
__end_of_USBCtrlEPAllowDataStage          text23       00D52
__end_of_USBCtrlEPAllowStatusStage        text46       00E8E
__end_of_USBCtrlEPService                 text20       00CF6
__end_of_USBCtrlEPServiceComplete         text22       00628
__end_of_USBCtrlTrfInHandler              text47       00E1E
__end_of_USBCtrlTrfOutHandler             text44       00B3D
__end_of_USBCtrlTrfRxService              text45       004FF
__end_of_USBCtrlTrfSetupHandler           text21       00C4E
__end_of_USBCtrlTrfTxService              text48       00F01
__end_of_USBDeviceAttach                  text2        00A0B
__end_of_USBDeviceInit                    text1        003B4
__end_of_USBDeviceTasks                   text14       00239
__end_of_USBEnableEndpoint                text42       00A4A
__end_of_USBIncrement1msInternalTimers    text19       0096C
__end_of_USBStallHandler                  text18       00AD5
__end_of_USBStdFeatureReqHandler          text29       00156
__end_of_USBStdGetDscHandler              text28       00F80
__end_of_USBStdGetStatusHandler           text27       00CA2
__end_of_USBStdSetCfgHandler              text25       007B1
__end_of_USBSuspend                       text17       00A2A
__end_of_USBTransferOnePacket             text9        00730
__end_of_USBWakeFromSuspend               text16       00A6A
__end_of_USB_CD_Ptr                       stringtext   00241
__end_of_USB_SD_Ptr                       stringtext   0023F
__end_of_USER_USB_CALLBACK_EVENT_HANDLER  text30       00BBF
__end_of__initialization                  cinit        0002C
__end_of_configDescriptor1                stringtext   002CC
__end_of_device_dsc                       stringtext   002FB
__end_of_hid_rpt01                        stringtext   002E9
__end_of_main                             maintext     00927
__end_of_memset                           text26       009D1
__end_of_sd000                            stringtext   002FF
__end_of_sd001                            stringtext   00275
__end_of_sd002                            stringtext   002A3
__end_ofi1_ADC_Enable                     text35       0090B
__end_ofi1_ADC_SetConfiguration           text34       008E8
__end_ofi1_BUTTON_Enable                  text33       008DD
__end_ofi1_LED_Enable                     text32       009B7
__end_ofi1_SYSTEM_Initialize              text31       00A8C
__end_ofi1_USBDeviceInit                  text15       0045F
__end_ofi1_USBTransferOnePacket           text41       01000
__initialization                          cinit        00012
__pbssBANK0                               bssBANK0     00066
__pbssBANK1                               bssBANK1     000EE
__pbssBANK2                               bssBANK2     00160
__pbssBANK3                               bssBANK3     001A0
__pcstackBANK0                            cstackBANK0  00050
__pcstackBANK1                            cstackBANK1  000E0
__pcstackCOMMON                           cstackCOMMON 00070
__pintentry                               intentry     00004
__pmaintext                               maintext     00919
__pstringtext                             stringtext   00239
__pswtext1                                swtext1      0081A
__pswtext2                                swtext2      00824
__pswtext3                                swtext3      00800
__pswtext4                                swtext4      0082E
__pswtext5                                swtext5      00838
__pswtext6                                swtext6      00842
__ptext1                                  text1        002FF
__ptext10                                 text10       00BBF
__ptext11                                 text11       0093D
__ptext12                                 text12       00AD5
__ptext14                                 text14       00156
__ptext15                                 text15       003B4
__ptext16                                 text16       00A4A
__ptext17                                 text17       00A0B
__ptext18                                 text18       00AB0
__ptext19                                 text19       00954
__ptext2                                  text2        009EE
__ptext20                                 text20       00CA2
__ptext21                                 text21       00C05
__ptext22                                 text22       00596
__ptext23                                 text23       00CF6
__ptext24                                 text24       00D52
__ptext25                                 text25       00730
__ptext26                                 text26       009B7
__ptext27                                 text27       00C4E
__ptext28                                 text28       00F01
__ptext29                                 text29       00030
__ptext3                                  text3        00A8C
__ptext30                                 text30       00B7E
__ptext31                                 text31       00A6A
__ptext32                                 text32       0099E
__ptext33                                 text33       008D3
__ptext34                                 text34       008DD
__ptext35                                 text35       008FE
__ptext36                                 text36       00628
__ptext37                                 text37       007B1
__ptext38                                 text38       00985
__ptext39                                 text39       0096C
__ptext4                                  text4        00927
__ptext40                                 text40       009D1
__ptext41                                 text41       00F80
__ptext42                                 text42       00A2A
__ptext43                                 text43       00B3D
__ptext44                                 text44       00B06
__ptext45                                 text45       0045F
__ptext46                                 text46       00E1E
__ptext47                                 text47       00DB2
__ptext48                                 text48       00E8E
__ptext5                                  text5        008F3
__ptext6                                  text6        008E8
__ptext7                                  text7        0090B
__ptext8                                  text8        004FF
__ptext9                                  text9        006AF
__size_of_ADC_Enable                      (abs)        00000
__size_of_ADC_Read10bit                   (abs)        00000
__size_of_ADC_SetConfiguration            (abs)        00000
__size_of_APP_DeviceCustomHIDInitialize   (abs)        00000
__size_of_APP_DeviceCustomHIDTasks        (abs)        00000
__size_of_APP_LEDUpdateUSBStatus          (abs)        00000
__size_of_BUTTON_Enable                   (abs)        00000
__size_of_BUTTON_IsPressed                (abs)        00000
__size_of_LED_Enable                      (abs)        00000
__size_of_LED_Off                         (abs)        00000
__size_of_LED_On                          (abs)        00000
__size_of_LED_Toggle                      (abs)        00000
__size_of_SYSTEM_Initialize               (abs)        00000
__size_of_SYS_InterruptHigh               (abs)        00000
__size_of_USBCheckHIDRequest              (abs)        00000
__size_of_USBCheckStdRequest              (abs)        00000
__size_of_USBConfigureEndpoint            (abs)        00000
__size_of_USBCtrlEPAllowDataStage         (abs)        00000
__size_of_USBCtrlEPAllowStatusStage       (abs)        00000
__size_of_USBCtrlEPService                (abs)        00000
__size_of_USBCtrlEPServiceComplete        (abs)        00000
__size_of_USBCtrlTrfInHandler             (abs)        00000
__size_of_USBCtrlTrfOutHandler            (abs)        00000
__size_of_USBCtrlTrfRxService             (abs)        00000
__size_of_USBCtrlTrfSetupHandler          (abs)        00000
__size_of_USBCtrlTrfTxService             (abs)        00000
__size_of_USBDeviceAttach                 (abs)        00000
__size_of_USBDeviceInit                   (abs)        00000
__size_of_USBDeviceTasks                  (abs)        00000
__size_of_USBEnableEndpoint               (abs)        00000
__size_of_USBIncrement1msInternalTimers   (abs)        00000
__size_of_USBStallHandler                 (abs)        00000
__size_of_USBStdFeatureReqHandler         (abs)        00000
__size_of_USBStdGetDscHandler             (abs)        00000
__size_of_USBStdGetStatusHandler          (abs)        00000
__size_of_USBStdSetCfgHandler             (abs)        00000
__size_of_USBSuspend                      (abs)        00000
__size_of_USBTransferOnePacket            (abs)        00000
__size_of_USBWakeFromSuspend              (abs)        00000
__size_of_USER_USB_CALLBACK_EVENT_HANDLER (abs)        00000
__size_of_main                            (abs)        00000
__size_of_memset                          (abs)        00000
__size_ofi1_ADC_Enable                    (abs)        00000
__size_ofi1_ADC_SetConfiguration          (abs)        00000
__size_ofi1_BUTTON_Enable                 (abs)        00000
__size_ofi1_LED_Enable                    (abs)        00000
__size_ofi1_SYSTEM_Initialize             (abs)        00000
__size_ofi1_USBDeviceInit                 (abs)        00000
__size_ofi1_USBTransferOnePacket          (abs)        00000
_active_protocol                          bssBANK3     001BB
_configDescriptor1                        stringtext   002A3
_controlTransferState                     bssBANK0     0006D
_device_dsc                               stringtext   002E9
_endpoint_number                          bssBANK2     0016E
_ep_data_in                               bssBANK3     001AE
_ep_data_out                              bssBANK3     001B0
_hid_rpt01                                stringtext   002CC
_idle_rate                                bssBANK3     001BC
_inPipes                                  bssBANK2     00167
_main                                     maintext     00919
_memset                                   text26       009B7
_outPipes                                 bssBANK2     00160
_pBDTEntryEP0OutCurrent                   bssBANK0     0006E
_pBDTEntryEP0OutNext                      bssBANK0     0006A
_pBDTEntryIn                              bssBANK0     00066
_pBDTEntryOut                             bssBANK3     001A4
_pDst                                     bssBANK3     001BA
_sd000                                    stringtext   002FB
_sd001                                    stringtext   00241
_sd002                                    stringtext   00275
_shortPacketStatus                        bssBANK2     0016F
btemp                                     (abs)        0007E
clear_ram0                                clrtext      008CD
end_of_initialization                     cinit        0002C
i1ADC_Enable@channel                      cstackCOMMON 00070
i1ADC_SetConfiguration@configuration      cstackCOMMON 00070
i1BUTTON_Enable@button                    cstackCOMMON 00070
i1LED_Enable@led                          cstackCOMMON 00070
i1SYSTEM_Initialize@state                 cstackCOMMON 00071
i1USBDeviceInit@i                         cstackCOMMON 00074
i1USBDeviceInit@i_901                     cstackCOMMON 00073
i1USBDeviceInit@p                         cstackCOMMON 00071
i1USBTransferOnePacket@data               cstackCOMMON 00071
i1USBTransferOnePacket@dir                cstackCOMMON 00070
i1USBTransferOnePacket@ep                 cstackCOMMON 00078
i1USBTransferOnePacket@handle             cstackCOMMON 00079
i1USBTransferOnePacket@len                cstackCOMMON 00073
i1_ADC_Enable                             text35       008FE
i1_ADC_SetConfiguration                   text34       008DD
i1_BUTTON_Enable                          text33       008D3
i1_LED_Enable                             text32       0099E
i1_SYSTEM_Initialize                      text31       00A6A
i1_USBDeviceInit                          text15       003B4
i1_USBTransferOnePacket                   text41       00F80
int$flags                                 (abs)        0007E
intlevel0                                 functab      00000
intlevel1                                 functab      00000
intlevel2                                 functab      00000
intlevel3                                 functab      00000
intlevel4                                 functab      00000
intlevel5                                 functab      00000
memset@c                                  cstackCOMMON 00070
memset@n                                  cstackCOMMON 00072
memset@p                                  cstackCOMMON 00075
memset@p1                                 cstackCOMMON 00076
reset_vec                                 reset_vec    00000
stackhi                                   (abs)        023EF
stacklo                                   (abs)        0210D
start                                     init         00010
start_initialization                      cinit        00012
wtemp0                                    (abs)        0007E


FUNCTION INFORMATION:

 *************** function _main *****************
 Defined at:
		line 31 in file "../demo_src/main.c"
 Parameters:    Size  Location     Type
		None
 Auto vars:     Size  Location     Type
		None
 Return value:  Size  Location     Type
                  1    wreg      void 
 Registers used:
		wreg, fsr0l, fsr0h, fsr1l, fsr1h, status,2, status,0, pclath, cstack
 Tracked objects:
		On entry : 
		On exit  : 
		Unchanged: 
 Data sizes:     COMMON   BANK0   BANK1   BANK2   BANK3   BANK4   BANK5   BANK6   BANK7   BANK8   BANK9  BANK10  BANK11  BANK12
      Params:         0       0       0       0       0       0       0       0       0       0       0       0       0       0
      Locals:         0       0       0       0       0       0       0       0       0       0       0       0       0       0
      Temps:          0       0       0       0       0       0       0       0       0       0       0       0       0       0
      Totals:         0       0       0       0       0       0       0       0       0       0       0       0       0       0
Total ram usage:        0 bytes
 Hardware stack levels required when called:   12
 This function calls:
		_APP_DeviceCustomHIDTasks
		_SYSTEM_Initialize
		_USBDeviceAttach
		_USBDeviceInit
 This function is called by:
		Startup code after reset
 This function uses a non-reentrant model


 *************** function _USBDeviceInit *****************
 Defined at:
		line 277 in file "../../../../../../framework/usb/src/usb_device.c"
 Parameters:    Size  Location     Type
		None
 Auto vars:     Size  Location     Type
  p               2    1[BANK1 ] PTR unsigned char 
		 -> UEP1(1), 
  i               1    3[BANK1 ] unsigned char 
  i               1    4[BANK1 ] unsigned char 
 Return value:  Size  Location     Type
                  1    wreg      void 
 Registers used:
		wreg, fsr1l, fsr1h, status,2, status,0
 Tracked objects:
		On entry : 
		On exit  : 
		Unchanged: 
 Data sizes:     COMMON   BANK0   BANK1   BANK2   BANK3   BANK4   BANK5   BANK6   BANK7   BANK8   BANK9  BANK10  BANK11  BANK12
      Params:         0       0       0       0       0       0       0       0       0       0       0       0       0       0
      Locals:         0       0       4       0       0       0       0       0       0       0       0       0       0       0
      Temps:          0       0       1       0       0       0       0       0       0       0       0       0       0       0
      Totals:         0       0       5       0       0       0       0       0       0       0       0       0       0       0
Total ram usage:        5 bytes
 Hardware stack levels used:    1
 Hardware stack levels required when called:   10
 This function calls:
		Nothing
 This function is called by:
		_main
 This function uses a non-reentrant model


 *************** function _USBDeviceAttach *****************
 Defined at:
		line 1352 in file "../../../../../../framework/usb/src/usb_device.c"
 Parameters:    Size  Location     Type
		None
 Auto vars:     Size  Location     Type
		None
 Return value:  Size  Location     Type
                  1    wreg      void 
 Registers used:
		wreg, status,2, status,0
 Tracked objects:
		On entry : 
		On exit  : 
		Unchanged: 
 Data sizes:     COMMON   BANK0   BANK1   BANK2   BANK3   BANK4   BANK5   BANK6   BANK7   BANK8   BANK9  BANK10  BANK11  BANK12
      Params:         0       0       0       0       0       0       0       0       0       0       0       0       0       0
      Locals:         0       0       0       0       0       0       0       0       0       0       0       0       0       0
      Temps:          0       0       1       0       0       0       0       0       0       0       0       0       0       0
      Totals:         0       0       1       0       0       0       0       0       0       0       0       0       0       0
Total ram usage:        1 bytes
 Hardware stack levels used:    1
 Hardware stack levels required when called:   10
 This function calls:
		Nothing
 This function is called by:
		_main
 This function uses a non-reentrant model


 *************** function _SYSTEM_Initialize *****************
 Defined at:
		line 86 in file "system.c"
 Parameters:    Size  Location     Type
  state           1    wreg     enum E2684
 Auto vars:     Size  Location     Type
  state           1    1[BANK1 ] enum E2684
 Return value:  Size  Location     Type
                  1    wreg      void 
 Registers used:
		wreg, fsr0l, fsr0h, status,2, status,0, pclath, cstack
 Tracked objects:
		On entry : 
		On exit  : 
		Unchanged: 
 Data sizes:     COMMON   BANK0   BANK1   BANK2   BANK3   BANK4   BANK5   BANK6   BANK7   BANK8   BANK9  BANK10  BANK11  BANK12
      Params:         0       0       0       0       0       0       0       0       0       0       0       0       0       0
      Locals:         0       0       1       0       0       0       0       0       0       0       0       0       0       0
      Temps:          0       0       0       0       0       0       0       0       0       0       0       0       0       0
      Totals:         0       0       1       0       0       0       0       0       0       0       0       0       0       0
Total ram usage:        1 bytes
 Hardware stack levels used:    1
 Hardware stack levels required when called:   11
 This function calls:
		_ADC_Enable
		_ADC_SetConfiguration
		_BUTTON_Enable
		_LED_Enable
 This function is called by:
		_main
 This function uses a non-reentrant model


 *************** function _LED_Enable *****************
 Defined at:
		line 220 in file "../../../../../../bsp/low_pin_count_usb_development_kit/pic16f1459/leds.c"
 Parameters:    Size  Location     Type
  led             1    wreg     enum E2
 Auto vars:     Size  Location     Type
  led             1    0[BANK1 ] enum E2
 Return value:  Size  Location     Type
                  1    wreg      void 
 Registers used:
		wreg, fsr0l, fsr0h, status,2, status,0
 Tracked objects:
		On entry : 
		On exit  : 
		Unchanged: 
 Data sizes:     COMMON   BANK0   BANK1   BANK2   BANK3   BANK4   BANK5   BANK6   BANK7   BANK8   BANK9  BANK10  BANK11  BANK12
      Params:         0       0       0       0       0       0       0       0       0       0       0       0       0       0
      Locals:         0       0       1       0       0       0       0       0       0       0       0       0       0       0
      Temps:          0       0       0       0       0       0       0       0       0       0       0       0       0       0
      Totals:         0       0       1       0       0       0       0       0       0       0       0       0       0       0
Total ram usage:        1 bytes
 Hardware stack levels used:    1
 Hardware stack levels required when called:   10
 This function calls:
		Nothing
 This function is called by:
		_SYSTEM_Initialize
 This function uses a non-reentrant model


 *************** function _BUTTON_Enable *****************
 Defined at:
		line 85 in file "../../../../../../bsp/low_pin_count_usb_development_kit/pic16f1459/buttons.c"
 Parameters:    Size  Location     Type
  button          1    wreg     enum E2617
 Auto vars:     Size  Location     Type
  button          1    0[BANK1 ] enum E2617
 Return value:  Size  Location     Type
                  1    wreg      void 
 Registers used:
		wreg, fsr0l, fsr0h, status,2, status,0
 Tracked objects:
		On entry : 
		On exit  : 
		Unchanged: 
 Data sizes:     COMMON   BANK0   BANK1   BANK2   BANK3   BANK4   BANK5   BANK6   BANK7   BANK8   BANK9  BANK10  BANK11  BANK12
      Params:         0       0       0       0       0       0       0       0       0       0       0       0       0       0
      Locals:         0       0       1       0       0       0       0       0       0       0       0       0       0       0
      Temps:          0       0       0       0       0       0       0       0       0       0       0       0       0       0
      Totals:         0       0       1       0       0       0       0       0       0       0       0       0       0       0
Total ram usage:        1 bytes
 Hardware stack levels used:    1
 Hardware stack levels required when called:   10
 This function calls:
		Nothing
 This function is called by:
		_SYSTEM_Initialize
 This function uses a non-reentrant model


 *************** function _ADC_SetConfiguration *****************
 Defined at:
		line 157 in file "../../../../../../bsp/low_pin_count_usb_development_kit/pic16f1459/adc.c"
 Parameters:    Size  Location     Type
  configuratio    1    wreg     enum E33
 Auto vars:     Size  Location     Type
  configuratio    1    0[BANK1 ] enum E33
 Return value:  Size  Location     Type
                  1    wreg      unsigned char 
 Registers used:
		wreg, status,2, status,0
 Tracked objects:
		On entry : 
		On exit  : 
		Unchanged: 
 Data sizes:     COMMON   BANK0   BANK1   BANK2   BANK3   BANK4   BANK5   BANK6   BANK7   BANK8   BANK9  BANK10  BANK11  BANK12
      Params:         0       0       0       0       0       0       0       0       0       0       0       0       0       0
      Locals:         0       0       1       0       0       0       0       0       0       0       0       0       0       0
      Temps:          0       0       0       0       0       0       0       0       0       0       0       0       0       0
      Totals:         0       0       1       0       0       0       0       0       0       0       0       0       0       0
Total ram usage:        1 bytes
 Hardware stack levels used:    1
 Hardware stack levels required when called:   10
 This function calls:
		Nothing
 This function is called by:
		_SYSTEM_Initialize
 This function uses a non-reentrant model


 *************** function _ADC_Enable *****************
 Defined at:
		line 131 in file "../../../../../../bsp/low_pin_count_usb_development_kit/pic16f1459/adc.c"
 Parameters:    Size  Location     Type
  channel         1    wreg     enum E30
 Auto vars:     Size  Location     Type
  channel         1    0[BANK1 ] enum E30
 Return value:  Size  Location     Type
                  1    wreg      unsigned char 
 Registers used:
		wreg, fsr0l, fsr0h, status,2, status,0
 Tracked objects:
		On entry : 
		On exit  : 
		Unchanged: 
 Data sizes:     COMMON   BANK0   BANK1   BANK2   BANK3   BANK4   BANK5   BANK6   BANK7   BANK8   BANK9  BANK10  BANK11  BANK12
      Params:         0       0       0       0       0       0       0       0       0       0       0       0       0       0
      Locals:         0       0       1       0       0       0       0       0       0       0       0       0       0       0
      Temps:          0       0       0       0       0       0       0       0       0       0       0       0       0       0
      Totals:         0       0       1       0       0       0       0       0       0       0       0       0       0       0
Total ram usage:        1 bytes
 Hardware stack levels used:    1
 Hardware stack levels required when called:   10
 This function calls:
		Nothing
 This function is called by:
		_SYSTEM_Initialize
 This function uses a non-reentrant model


 *************** function _APP_DeviceCustomHIDTasks *****************
 Defined at:
		line 104 in file "../demo_src/app_device_custom_hid.c"
 Parameters:    Size  Location     Type
		None
 Auto vars:     Size  Location     Type
  pot             2   12[BANK1 ] unsigned int 
 Return value:  Size  Location     Type
                  1    wreg      void 
 Registers used:
		wreg, fsr0l, fsr0h, fsr1l, fsr1h, status,2, status,0, pclath, cstack
 Tracked objects:
		On entry : 
		On exit  : 
		Unchanged: 
 Data sizes:     COMMON   BANK0   BANK1   BANK2   BANK3   BANK4   BANK5   BANK6   BANK7   BANK8   BANK9  BANK10  BANK11  BANK12
      Params:         0       0       0       0       0       0       0       0       0       0       0       0       0       0
      Locals:         0       0       2       0       0       0       0       0       0       0       0       0       0       0
      Temps:          0       0       1       0       0       0       0       0       0       0       0       0       0       0
      Totals:         0       0       3       0       0       0       0       0       0       0       0       0       0       0
Total ram usage:        3 bytes
 Hardware stack levels used:    1
 Hardware stack levels required when called:   11
 This function calls:
		_ADC_Read10bit
		_BUTTON_IsPressed
		_LED_Toggle
		_USBTransferOnePacket
 This function is called by:
		_main
 This function uses a non-reentrant model


 *************** function _USBTransferOnePacket *****************
 Defined at:
		line 995 in file "../../../../../../framework/usb/src/usb_device.c"
 Parameters:    Size  Location     Type
  ep              1    wreg     unsigned char 
  dir             1    0[BANK1 ] unsigned char 
  data            2    1[BANK1 ] PTR unsigned char 
		 -> ToSendDataBuffer(64), ReceivedDataBuffer(64), 
  len             1    3[BANK1 ] unsigned char 
 Auto vars:     Size  Location     Type
  ep              1    8[BANK1 ] unsigned char 
  handle          2    9[BANK1 ] PTR volatile struct __BD
		 -> RAM(4096), NULL(0), BDT(32), 
 Return value:  Size  Location     Type
                  2    0[BANK1 ] PTR void 
 Registers used:
		wreg, fsr1l, fsr1h, status,2, status,0
 Tracked objects:
		On entry : 
		On exit  : 
		Unchanged: 
 Data sizes:     COMMON   BANK0   BANK1   BANK2   BANK3   BANK4   BANK5   BANK6   BANK7   BANK8   BANK9  BANK10  BANK11  BANK12
      Params:         0       0       4       0       0       0       0       0       0       0       0       0       0       0
      Locals:         0       0       3       0       0       0       0       0       0       0       0       0       0       0
      Temps:          0       0       4       0       0       0       0       0       0       0       0       0       0       0
      Totals:         0       0      11       0       0       0       0       0       0       0       0       0       0       0
Total ram usage:       11 bytes
 Hardware stack levels used:    1
 Hardware stack levels required when called:   10
 This function calls:
		Nothing
 This function is called by:
		_APP_DeviceCustomHIDTasks
 This function uses a non-reentrant model


 *************** function _LED_Toggle *****************
 Defined at:
		line 141 in file "../../../../../../bsp/low_pin_count_usb_development_kit/pic16f1459/leds.c"
 Parameters:    Size  Location     Type
  led             1    wreg     enum E2
 Auto vars:     Size  Location     Type
  led             1    1[BANK1 ] enum E2
 Return value:  Size  Location     Type
                  1    wreg      void 
 Registers used:
		wreg, fsr0l, fsr0h, status,2, status,0
 Tracked objects:
		On entry : 
		On exit  : 
		Unchanged: 
 Data sizes:     COMMON   BANK0   BANK1   BANK2   BANK3   BANK4   BANK5   BANK6   BANK7   BANK8   BANK9  BANK10  BANK11  BANK12
      Params:         0       0       0       0       0       0       0       0       0       0       0       0       0       0
      Locals:         0       0       1       0       0       0       0       0       0       0       0       0       0       0
      Temps:          0       0       1       0       0       0       0       0       0       0       0       0       0       0
[...]
 Data sizes:     COMMON   BANK0   BANK1   BANK2   BANK3   BANK4   BANK5   BANK6   BANK7   BANK8   BANK9  BANK10  BANK11  BANK12
      Params:         0       0       0       0       0       0       0       0       0       0       0       0       0       0
      Locals:         1       0       0       0       0       0       0       0       0       0       0       0       0       0
      Temps:          0       0       0       0       0       0       0       0       0       0       0       0       0       0
      Totals:         1       0       0       0       0       0       0       0       0       0       0       0       0       0
Total ram usage:        1 bytes
 Hardware stack levels used:    1
 This function calls:
		Nothing
 This function is called by:
		_APP_LEDUpdateUSBStatus
 This function uses a non-reentrant model


 *************** function _LED_Off *****************
 Defined at:
		line 100 in file "../../../../../../bsp/low_pin_count_usb_development_kit/pic16f1459/leds.c"
 Parameters:    Size  Location     Type
  led             1    wreg     enum E2
 Auto vars:     Size  Location     Type
  led             1    0[COMMON] enum E2
 Return value:  Size  Location     Type
                  1    wreg      void 
 Registers used:
		wreg, fsr0l, fsr0h, status,2, status,0
 Tracked objects:
		On entry : 
		On exit  : 
		Unchanged: 
 Data sizes:     COMMON   BANK0   BANK1   BANK2   BANK3   BANK4   BANK5   BANK6   BANK7   BANK8   BANK9  BANK10  BANK11  BANK12
      Params:         0       0       0       0       0       0       0       0       0       0       0       0       0       0
      Locals:         1       0       0       0       0       0       0       0       0       0       0       0       0       0
      Temps:          0       0       0       0       0       0       0       0       0       0       0       0       0       0
      Totals:         1       0       0       0       0       0       0       0       0       0       0       0       0       0
Total ram usage:        1 bytes
 Hardware stack levels used:    1
 This function calls:
		Nothing
 This function is called by:
		_APP_LEDUpdateUSBStatus
 This function uses a non-reentrant model


 *************** function _APP_DeviceCustomHIDInitialize *****************
 Defined at:
		line 77 in file "../demo_src/app_device_custom_hid.c"
 Parameters:    Size  Location     Type
		None
 Auto vars:     Size  Location     Type
		None
 Return value:  Size  Location     Type
                  1    wreg      void 
 Registers used:
		wreg, fsr1l, fsr1h, status,2, status,0, pclath, cstack
 Tracked objects:
		On entry : 
		On exit  : 
		Unchanged: 
 Data sizes:     COMMON   BANK0   BANK1   BANK2   BANK3   BANK4   BANK5   BANK6   BANK7   BANK8   BANK9  BANK10  BANK11  BANK12
      Params:         0       0       0       0       0       0       0       0       0       0       0       0       0       0
      Locals:         0       0       0       0       0       0       0       0       0       0       0       0       0       0
      Temps:          1       0       0       0       0       0       0       0       0       0       0       0       0       0
      Totals:         1       0       0       0       0       0       0       0       0       0       0       0       0       0
Total ram usage:        1 bytes
 Hardware stack levels used:    1
 Hardware stack levels required when called:    2
 This function calls:
		_USBEnableEndpoint
		i1_USBTransferOnePacket
 This function is called by:
		_USER_USB_CALLBACK_EVENT_HANDLER
 This function uses a non-reentrant model


 *************** function i1_USBTransferOnePacket *****************
 Defined at:
		line 995 in file "../../../../../../framework/usb/src/usb_device.c"
 Parameters:    Size  Location     Type
  ep              1    wreg     unsigned char 
  dir             1    0[COMMON] unsigned char 
  data            2    1[COMMON] PTR unsigned char 
		 -> ToSendDataBuffer(64), ReceivedDataBuffer(64), 
  len             1    3[COMMON] unsigned char 
 Auto vars:     Size  Location     Type
  ep              1    8[COMMON] unsigned char 
  USBTransferO    2    9[COMMON] PTR volatile struct __BD
		 -> RAM(4096), NULL(0), BDT(32), 
 Return value:  Size  Location     Type
                  2    0[COMMON] PTR void 
 Registers used:
		wreg, fsr1l, fsr1h, status,2, status,0
 Tracked objects:
		On entry : 
		On exit  : 
		Unchanged: 
 Data sizes:     COMMON   BANK0   BANK1   BANK2   BANK3   BANK4   BANK5   BANK6   BANK7   BANK8   BANK9  BANK10  BANK11  BANK12
      Params:         4       0       0       0       0       0       0       0       0       0       0       0       0       0
      Locals:         3       0       0       0       0       0       0       0       0       0       0       0       0       0
      Temps:          4       0       0       0       0       0       0       0       0       0       0       0       0       0
      Totals:        11       0       0       0       0       0       0       0       0       0       0       0       0       0
Total ram usage:       11 bytes
 Hardware stack levels used:    1
 This function calls:
		Nothing
 This function is called by:
		_APP_DeviceCustomHIDInitialize
 This function uses a non-reentrant model


 *************** function _USBEnableEndpoint *****************
 Defined at:
		line 878 in file "../../../../../../framework/usb/src/usb_device.c"
 Parameters:    Size  Location     Type
  ep              1    wreg     unsigned char 
  options         1    7[COMMON] unsigned char 
 Auto vars:     Size  Location     Type
  ep              1   12[COMMON] unsigned char 
  p               2   10[COMMON] PTR unsigned char 
		 -> UEP0(1), 
 Return value:  Size  Location     Type
                  1    wreg      void 
 Registers used:
		wreg, fsr1l, fsr1h, status,2, status,0, pclath, cstack
 Tracked objects:
		On entry : 
		On exit  : 
		Unchanged: 
 Data sizes:     COMMON   BANK0   BANK1   BANK2   BANK3   BANK4   BANK5   BANK6   BANK7   BANK8   BANK9  BANK10  BANK11  BANK12
      Params:         1       0       0       0       0       0       0       0       0       0       0       0       0       0
      Locals:         3       0       0       0       0       0       0       0       0       0       0       0       0       0
      Temps:          2       0       0       0       0       0       0       0       0       0       0       0       0       0
      Totals:         6       0       0       0       0       0       0       0       0       0       0       0       0       0
Total ram usage:        6 bytes
 Hardware stack levels used:    1
 Hardware stack levels required when called:    1
 This function calls:
		_USBConfigureEndpoint
 This function is called by:
		_APP_DeviceCustomHIDInitialize
 This function uses a non-reentrant model


 *************** function _USBConfigureEndpoint *****************
 Defined at:
		line 1543 in file "../../../../../../framework/usb/src/usb_device.c"
 Parameters:    Size  Location     Type
  EPNum           1    wreg     unsigned char 
  direction       1    0[COMMON] unsigned char 
 Auto vars:     Size  Location     Type
  EPNum           1    5[COMMON] unsigned char 
  handle          1    6[COMMON] PTR volatile struct __BD
		 -> BDT(32), 
 Return value:  Size  Location     Type
                  1    wreg      void 
 Registers used:
		wreg, fsr1l, fsr1h, status,2, status,0
 Tracked objects:
		On entry : 
		On exit  : 
		Unchanged: 
 Data sizes:     COMMON   BANK0   BANK1   BANK2   BANK3   BANK4   BANK5   BANK6   BANK7   BANK8   BANK9  BANK10  BANK11  BANK12
      Params:         1       0       0       0       0       0       0       0       0       0       0       0       0       0
      Locals:         2       0       0       0       0       0       0       0       0       0       0       0       0       0
      Temps:          4       0       0       0       0       0       0       0       0       0       0       0       0       0
      Totals:         7       0       0       0       0       0       0       0       0       0       0       0       0       0
Total ram usage:        7 bytes
 Hardware stack levels used:    1
 This function calls:
		Nothing
 This function is called by:
		_USBEnableEndpoint
 This function uses a non-reentrant model


 *************** function _USBCtrlTrfOutHandler *****************
 Defined at:
		line 2538 in file "../../../../../../framework/usb/src/usb_device.c"
 Parameters:    Size  Location     Type
		None
 Auto vars:     Size  Location     Type
		None
 Return value:  Size  Location     Type
                  1    wreg      void 
 Registers used:
		wreg, fsr1l, fsr1h, status,2, status,0, pclath, cstack
 Tracked objects:
		On entry : 
		On exit  : 
		Unchanged: 
 Data sizes:     COMMON   BANK0   BANK1   BANK2   BANK3   BANK4   BANK5   BANK6   BANK7   BANK8   BANK9  BANK10  BANK11  BANK12
      Params:         0       0       0       0       0       0       0       0       0       0       0       0       0       0
      Locals:         0       0       0       0       0       0       0       0       0       0       0       0       0       0
      Temps:          2       0       0       0       0       0       0       0       0       0       0       0       0       0
      Totals:         2       0       0       0       0       0       0       0       0       0       0       0       0       0
Total ram usage:        2 bytes
 Hardware stack levels used:    1
 Hardware stack levels required when called:    2
 This function calls:
		_USBCtrlTrfRxService
 This function is called by:
		_USBCtrlEPService
 This function uses a non-reentrant model


 *************** function _USBCtrlTrfRxService *****************
 Defined at:
		line 1852 in file "../../../../../../framework/usb/src/usb_device.c"
 Parameters:    Size  Location     Type
		None
 Auto vars:     Size  Location     Type
  byteToRead      1    5[COMMON] unsigned char 
  i               1    4[COMMON] unsigned char 
 Return value:  Size  Location     Type
                  1    wreg      void 
 Registers used:
		wreg, fsr1l, fsr1h, status,2, status,0, pclath, cstack
 Tracked objects:
		On entry : 
		On exit  : 
		Unchanged: 
 Data sizes:     COMMON   BANK0   BANK1   BANK2   BANK3   BANK4   BANK5   BANK6   BANK7   BANK8   BANK9  BANK10  BANK11  BANK12
      Params:         0       0       0       0       0       0       0       0       0       0       0       0       0       0
      Locals:         2       0       0       0       0       0       0       0       0       0       0       0       0       0
      Temps:          2       0       0       0       0       0       0       0       0       0       0       0       0       0
      Totals:         4       0       0       0       0       0       0       0       0       0       0       0       0       0
Total ram usage:        4 bytes
 Hardware stack levels used:    1
 Hardware stack levels required when called:    1
 This function calls:
		_USBCtrlEPAllowStatusStage
 This function is called by:
		_USBCtrlTrfOutHandler
 This function uses a non-reentrant model


 *************** function _USBCtrlEPAllowStatusStage *****************
 Defined at:
		line 1416 in file "../../../../../../framework/usb/src/usb_device.c"
 Parameters:    Size  Location     Type
		None
 Auto vars:     Size  Location     Type
		None
 Return value:  Size  Location     Type
                  1    wreg      void 
 Registers used:
		wreg, fsr1l, fsr1h, status,2, status,0
 Tracked objects:
		On entry : 
		On exit  : 
		Unchanged: 
 Data sizes:     COMMON   BANK0   BANK1   BANK2   BANK3   BANK4   BANK5   BANK6   BANK7   BANK8   BANK9  BANK10  BANK11  BANK12
      Params:         0       0       0       0       0       0       0       0       0       0       0       0       0       0
      Locals:         0       0       0       0       0       0       0       0       0       0       0       0       0       0
      Temps:          2       0       0       0       0       0       0       0       0       0       0       0       0       0
      Totals:         2       0       0       0       0       0       0       0       0       0       0       0       0       0
Total ram usage:        2 bytes
 Hardware stack levels used:    1
 This function calls:
		Nothing
 This function is called by:
		_USBDeviceTasks
		_USBCtrlEPServiceComplete
		_USBCtrlTrfRxService
 This function uses a non-reentrant model


 *************** function _USBCtrlTrfInHandler *****************
 Defined at:
		line 2592 in file "../../../../../../framework/usb/src/usb_device.c"
 Parameters:    Size  Location     Type
		None
 Auto vars:     Size  Location     Type
  lastDTS         1    5[COMMON] unsigned char 
 Return value:  Size  Location     Type
                  1    wreg      void 
 Registers used:
		wreg, fsr0l, fsr0h, fsr1l, fsr1h, status,2, status,0, pclath, cstack
 Tracked objects:
		On entry : 
		On exit  : 
		Unchanged: 
 Data sizes:     COMMON   BANK0   BANK1   BANK2   BANK3   BANK4   BANK5   BANK6   BANK7   BANK8   BANK9  BANK10  BANK11  BANK12
      Params:         0       0       0       0       0       0       0       0       0       0       0       0       0       0
      Locals:         1       0       0       0       0       0       0       0       0       0       0       0       0       0
      Temps:          2       0       0       0       0       0       0       0       0       0       0       0       0       0
      Totals:         3       0       0       0       0       0       0       0       0       0       0       0       0       0
Total ram usage:        3 bytes
 Hardware stack levels used:    1
 Hardware stack levels required when called:    1
 This function calls:
		_USBCtrlTrfTxService
 This function is called by:
		_USBCtrlEPService
 This function uses a non-reentrant model


 *************** function _USBCtrlTrfTxService *****************
 Defined at:
		line 1771 in file "../../../../../../framework/usb/src/usb_device.c"
 Parameters:    Size  Location     Type
		None
 Auto vars:     Size  Location     Type
  byteToSend      1    2[COMMON] unsigned char 
 Return value:  Size  Location     Type
                  1    wreg      void 
 Registers used:
		wreg, fsr0l, fsr0h, fsr1l, fsr1h, status,2, status,0, pclath
 Tracked objects:
		On entry : 
		On exit  : 
		Unchanged: 
 Data sizes:     COMMON   BANK0   BANK1   BANK2   BANK3   BANK4   BANK5   BANK6   BANK7   BANK8   BANK9  BANK10  BANK11  BANK12
      Params:         0       0       0       0       0       0       0       0       0       0       0       0       0       0
      Locals:         1       0       0       0       0       0       0       0       0       0       0       0       0       0
      Temps:          2       0       0       0       0       0       0       0       0       0       0       0       0       0
      Totals:         3       0       0       0       0       0       0       0       0       0       0       0       0       0
Total ram usage:        3 bytes
 Hardware stack levels used:    1
 This function calls:
		Nothing
 This function is called by:
		_USBCtrlEPAllowDataStage
		_USBCtrlTrfInHandler
 This function uses a non-reentrant model



MODULE INFORMATION

Module		Function		Class		Link	Load	Size
C:\Program Files (x86)\Microchip\xc8\v1.40\sources\common\memset.c
		_memset        		CODE           	09B7	0000	27

C:\Program Files (x86)\Microchip\xc8\v1.40\sources\common\memset.c estimated size: 27

../demo_src/usb_events.c
		_USER_USB_CALLBACK_EVENT_HANDLER		CODE           	0B7E	0000	66

../demo_src/usb_events.c estimated size: 66

../../../../../../framework/usb/src/usb_device.c
		_USBCtrlTrfInHandler		CODE           	0DB2	0000	109
		_USBTransferOnePacket		CODE           	06AF	0000	130
		_USBDeviceAttach		CODE           	09EE	0000	30
		_USBStdGetDscHandler		CODE           	0F01	0000	128
		_USBCtrlEPAllowDataStage		CODE           	0CF6	0000	93
		_USBStdFeatureReqHandler		CODE           	0030	0000	295
		_USBCtrlEPAllowStatusStage		CODE           	0E1E	0000	113
		_USBCtrlTrfSetupHandler		CODE           	0C05	0000	74
		_USBCtrlTrfOutHandler		CODE           	0B06	0000	56
		_USBCtrlEPServiceComplete		CODE           	0596	0000	147
		_USBSuspend    		CODE           	0A0B	0000	32
		_USBStdSetCfgHandler		CODE           	0730	0000	130
		_USBStdGetStatusHandler		CODE           	0C4E	0000	85
		_USBWakeFromSuspend		CODE           	0A4A	0000	33
		_USBCtrlTrfRxService		CODE           	045F	0000	161
		_USBCtrlTrfTxService		CODE           	0E8E	0000	116
		_USBEnableEndpoint		CODE           	0A2A	0000	33
		_USBConfigureEndpoint		CODE           	0B3D	0000	66
		_USBDeviceInit 		CODE           	02FF	0000	182
		_USBIncrement1msInternalTimers		CODE           	0954	0000	25
		_USBCtrlEPService		CODE           	0CA2	0000	85
		_USBStallHandler		CODE           	0AB0	0000	38
		_USBDeviceTasks		CODE           	0156	0000	228
		_USBCheckStdRequest		CODE           	0D52	0000	97

../../../../../../framework/usb/src/usb_device.c estimated size: 2486

../../../../../../framework/usb/src/usb_device_hid.c
		_USBCheckHIDRequest		CODE           	0628	0000	136

../../../../../../framework/usb/src/usb_device_hid.c estimated size: 136

../demo_src/app_device_custom_hid.c
		_APP_DeviceCustomHIDTasks		CODE           	04FF	0000	152
		_APP_DeviceCustomHIDInitialize		CODE           	09D1	0000	30

../demo_src/app_device_custom_hid.c estimated size: 182

shared
		_configDescriptor1		STRCODE        	02A3	0000	42
		_USB_CD_Ptr    		STRCODE        	023F	0000	3
		_sd001         		STRCODE        	0241	0000	53
		i1_ADC_Enable  		CODE           	08FE	0000	14
		i1_BUTTON_Enable		CODE           	08D3	0000	11
		i1_ADC_SetConfiguration		CODE           	08DD	0000	12
		_sd002         		STRCODE        	0275	0000	47
		i1_USBDeviceInit		CODE           	03B4	0000	172
		__initialization		CODE           	0012	0000	27
		_device_dsc    		STRCODE        	02E9	0000	19
		i1_SYSTEM_Initialize		CODE           	0A6A	0000	35
		i1_LED_Enable  		CODE           	099E	0000	26
		_USB_SD_Ptr    		STRCODE        	0239	0000	7
		_hid_rpt01     		STRCODE        	02CC	0000	30
		_sd000         		STRCODE        	02FB	0000	5
		i1_USBTransferOnePacket		CODE           	0F80	0000	129

shared estimated size: 632

../../../../../../bsp/low_pin_count_usb_development_kit/pic16f1459/leds.c
		_LED_Off       		CODE           	096C	0000	26
		_LED_On        		CODE           	0985	0000	26
		_LED_Enable    		CODE           	0927	0000	23
		_LED_Toggle    		CODE           	0BBF	0000	71

../../../../../../bsp/low_pin_count_usb_development_kit/pic16f1459/leds.c estimated size: 146

../../../../../../bsp/low_pin_count_usb_development_kit/pic16f1459/buttons.c
		_BUTTON_IsPressed		CODE           	093D	0000	24
		_BUTTON_Enable 		CODE           	08F3	0000	12

../../../../../../bsp/low_pin_count_usb_development_kit/pic16f1459/buttons.c estimated size: 36

system.c
		_SYS_InterruptHigh		CODE           	0004	0000	13
		_SYSTEM_Initialize		CODE           	0A8C	0000	37

system.c estimated size: 50

../demo_src/app_led_usb_status.c
		_APP_LEDUpdateUSBStatus		CODE           	07B1	0000	78

../demo_src/app_led_usb_status.c estimated size: 78

../demo_src/main.c
		_main          		CODE           	0919	0000	15

../demo_src/main.c estimated size: 15

../../../../../../bsp/low_pin_count_usb_development_kit/pic16f1459/adc.c
		_ADC_Enable    		CODE           	090B	0000	15
		_ADC_SetConfiguration		CODE           	08E8	0000	12
		_ADC_Read10bit 		CODE           	0AD5	0000	50

../../../../../../bsp/low_pin_count_usb_development_kit/pic16f1459/adc.c estimated size: 77

